{
  "status": "pass",
  "productionAcceptance": false,
  "scope": "actual-nginx-route-fragments-with-loopback-transport-upstream",
  "applicationSemanticsVerifiedHere": false,
  "sourceSha256": {
    "operations/nginx/routes/phase-4-rollback-freeze.conf": "7e08e9378afbf251a54453bbe7cc60e4d190abff28489d90dfd74a11154672c8",
    "operations/nginx/routes/phase-0-legacy.conf": "929ea22e3c8b1cdd51d48bd1e910ca2e6d3e9ac8bf40f77e0d6098eb0ae36ad6",
    "operations/nginx/proxy-common.conf": "accd785fe106aee39f4a593416ed1f582ad82fb277b93a9276f9d31381d20106",
    "operations/scripts/nginx-freeze-barrier.sh": "5186dfa5e70e32f8ee3094042f0003ef4d62a0912d1fd08d14cd647e6585bebf"
  },
  "nginxVersion": "nginx version: nginx/1.28.3 (Ubuntu)",
  "durationSeconds": 1.439828,
  "transitions": [
    {
      "phase": "legacy-before",
      "activationSeconds": 1e-06
    },
    {
      "phase": "rollback-freeze",
      "activationSeconds": 0.701756
    },
    {
      "phase": "legacy-after",
      "activationSeconds": 0.042352
    }
  ],
  "workerBarrierChecks": [
    {
      "heldPriorMutationCompletedBeforeAdmission": true,
      "oldKeepaliveAfterBarrier": "oldConnectionClosed",
      "waitedSeconds": 0.701756
    }
  ],
  "continuousReads": 159,
  "readFailures": 0,
  "readP95Ms": 4.382,
  "acceptedReads": [
    {
      "path": "/health",
      "method": "GET",
      "status": 200,
      "phase": "legacy-before",
      "milliseconds": 2.208
    },
    {
      "path": "/health",
      "method": "HEAD",
      "status": 200,
      "phase": "legacy-before",
      "milliseconds": 1.94
    },
    {
      "path": "/",
      "method": "GET",
      "status": 200,
      "phase": "legacy-before",
      "milliseconds": 1.091
    },
    {
      "path": "/",
      "method": "HEAD",
      "status": 200,
      "phase": "legacy-before",
      "milliseconds": 1.333
    },
    {
      "path": "/overview/telegram?page=2",
      "method": "GET",
      "status": 200,
      "phase": "legacy-before",
      "milliseconds": 2.395
    },
    {
      "path": "/overview/telegram?page=2",
      "method": "HEAD",
      "status": 200,
      "phase": "legacy-before",
      "milliseconds": 1.01
    },
    {
      "path": "/institutions/1",
      "method": "GET",
      "status": 200,
      "phase": "legacy-before",
      "milliseconds": 2.265
    },
    {
      "path": "/institutions/1",
      "method": "HEAD",
      "status": 200,
      "phase": "legacy-before",
      "milliseconds": 0.519
    },
    {
      "path": "/posts/1",
      "method": "GET",
      "status": 200,
      "phase": "legacy-before",
      "milliseconds": 0.728
    },
    {
      "path": "/posts/1",
      "method": "HEAD",
      "status": 200,
      "phase": "legacy-before",
      "milliseconds": 0.786
    },
    {
      "path": "/platform-accounts/1",
      "method": "GET",
      "status": 200,
      "phase": "legacy-before",
      "milliseconds": 1.37
    },
    {
      "path": "/platform-accounts/1",
      "method": "HEAD",
      "status": 200,
      "phase": "legacy-before",
      "milliseconds": 0.723
    },
    {
      "path": "/platform-posts/1",
      "method": "GET",
      "status": 200,
      "phase": "legacy-before",
      "milliseconds": 1.003
    },
    {
      "path": "/platform-posts/1",
      "method": "HEAD",
      "status": 200,
      "phase": "legacy-before",
      "milliseconds": 1.286
    },
    {
      "path": "/manage",
      "method": "GET",
      "status": 200,
      "phase": "legacy-before",
      "milliseconds": 3.075
    },
    {
      "path": "/manage",
      "method": "HEAD",
      "status": 200,
      "phase": "legacy-before",
      "milliseconds": 1.07
    },
    {
      "path": "/export/posts.csv",
      "method": "GET",
      "status": 200,
      "phase": "legacy-before",
      "milliseconds": 1.818
    },
    {
      "path": "/export/posts.csv",
      "method": "HEAD",
      "status": 200,
      "phase": "legacy-before",
      "milliseconds": 1.454
    },
    {
      "path": "/health",
      "method": "GET",
      "status": 200,
      "phase": "rollback-freeze",
      "milliseconds": 1.824
    },
    {
      "path": "/health",
      "method": "HEAD",
      "status": 200,
      "phase": "rollback-freeze",
      "milliseconds": 0.699
    },
    {
      "path": "/",
      "method": "GET",
      "status": 200,
      "phase": "rollback-freeze",
      "milliseconds": 0.854
    },
    {
      "path": "/",
      "method": "HEAD",
      "status": 200,
      "phase": "rollback-freeze",
      "milliseconds": 0.744
    },
    {
      "path": "/overview/telegram?page=2",
      "method": "GET",
      "status": 200,
      "phase": "rollback-freeze",
      "milliseconds": 1.318
    },
    {
      "path": "/overview/telegram?page=2",
      "method": "HEAD",
      "status": 200,
      "phase": "rollback-freeze",
      "milliseconds": 1.619
    },
    {
      "path": "/institutions/1",
      "method": "GET",
      "status": 200,
      "phase": "rollback-freeze",
      "milliseconds": 3.267
    },
    {
      "path": "/institutions/1",
      "method": "HEAD",
      "status": 200,
      "phase": "rollback-freeze",
      "milliseconds": 5.413
    },
    {
      "path": "/posts/1",
      "method": "GET",
      "status": 200,
      "phase": "rollback-freeze",
      "milliseconds": 1.038
    },
    {
      "path": "/posts/1",
      "method": "HEAD",
      "status": 200,
      "phase": "rollback-freeze",
      "milliseconds": 0.827
    },
    {
      "path": "/platform-accounts/1",
      "method": "GET",
      "status": 200,
      "phase": "rollback-freeze",
      "milliseconds": 0.511
    },
    {
      "path": "/platform-accounts/1",
      "method": "HEAD",
      "status": 200,
      "phase": "rollback-freeze",
      "milliseconds": 0.855
    },
    {
      "path": "/platform-posts/1",
      "method": "GET",
      "status": 200,
      "phase": "rollback-freeze",
      "milliseconds": 0.844
    },
    {
      "path": "/platform-posts/1",
      "method": "HEAD",
      "status": 200,
      "phase": "rollback-freeze",
      "milliseconds": 1.061
    },
    {
      "path": "/manage",
      "method": "GET",
      "status": 200,
      "phase": "rollback-freeze",
      "milliseconds": 0.793
    },
    {
      "path": "/manage",
      "method": "HEAD",
      "status": 200,
      "phase": "rollback-freeze",
      "milliseconds": 0.679
    },
    {
      "path": "/export/posts.csv",
      "method": "GET",
      "status": 200,
      "phase": "rollback-freeze",
      "milliseconds": 0.519
    },
    {
      "path": "/export/posts.csv",
      "method": "HEAD",
      "status": 200,
      "phase": "rollback-freeze",
      "milliseconds": 0.64
    },
    {
      "path": "/health",
      "method": "GET",
      "status": 200,
      "phase": "legacy-after",
      "milliseconds": 0.9
    },
    {
      "path": "/health",
      "method": "HEAD",
      "status": 200,
      "phase": "legacy-after",
      "milliseconds": 1.658
    },
    {
      "path": "/",
      "method": "GET",
      "status": 200,
      "phase": "legacy-after",
      "milliseconds": 1.545
    },
    {
      "path": "/",
      "method": "HEAD",
      "status": 200,
      "phase": "legacy-after",
      "milliseconds": 0.777
    },
    {
      "path": "/overview/telegram?page=2",
      "method": "GET",
      "status": 200,
      "phase": "rollback-freeze",
      "milliseconds": 1.2
    },
    {
      "path": "/overview/telegram?page=2",
      "method": "HEAD",
      "status": 200,
      "phase": "rollback-freeze",
      "milliseconds": 0.842
    },
    {
      "path": "/institutions/1",
      "method": "GET",
      "status": 200,
      "phase": "legacy-after",
      "milliseconds": 2.289
    },
    {
      "path": "/institutions/1",
      "method": "HEAD",
      "status": 200,
      "phase": "legacy-after",
      "milliseconds": 2.655
    },
    {
      "path": "/posts/1",
      "method": "GET",
      "status": 200,
      "phase": "legacy-after",
      "milliseconds": 1.599
    },
    {
      "path": "/posts/1",
      "method": "HEAD",
      "status": 200,
      "phase": "legacy-after",
      "milliseconds": 0.596
    },
    {
      "path": "/platform-accounts/1",
      "method": "GET",
      "status": 200,
      "phase": "legacy-after",
      "milliseconds": 0.77
    },
    {
      "path": "/platform-accounts/1",
      "method": "HEAD",
      "status": 200,
      "phase": "legacy-after",
      "milliseconds": 1.187
    },
    {
      "path": "/platform-posts/1",
      "method": "GET",
      "status": 200,
      "phase": "legacy-after",
      "milliseconds": 2.03
    },
    {
      "path": "/platform-posts/1",
      "method": "HEAD",
      "status": 200,
      "phase": "legacy-after",
      "milliseconds": 3.042
    },
    {
      "path": "/manage",
      "method": "GET",
      "status": 200,
      "phase": "legacy-after",
      "milliseconds": 3.41
    },
    {
      "path": "/manage",
      "method": "HEAD",
      "status": 200,
      "phase": "legacy-after",
      "milliseconds": 2.895
    },
    {
      "path": "/export/posts.csv",
      "method": "GET",
      "status": 200,
      "phase": "legacy-after",
      "milliseconds": 1.798
    },
    {
      "path": "/export/posts.csv",
      "method": "HEAD",
      "status": 200,
      "phase": "legacy-after",
      "milliseconds": 1.63
    }
  ],
  "rejectedRequests": [
    {
      "path": "/manage",
      "method": "POST",
      "status": 403,
      "phase": "rollback-freeze",
      "milliseconds": 0.393
    },
    {
      "path": "/manage",
      "method": "PUT",
      "status": 403,
      "phase": "rollback-freeze",
      "milliseconds": 0.25
    },
    {
      "path": "/manage",
      "method": "PATCH",
      "status": 403,
      "phase": "rollback-freeze",
      "milliseconds": 0.54
    },
    {
      "path": "/manage",
      "method": "DELETE",
      "status": 403,
      "phase": "rollback-freeze",
      "milliseconds": 0.747
    },
    {
      "path": "/manage",
      "method": "OPTIONS",
      "status": 403,
      "phase": "rollback-freeze",
      "milliseconds": 0.369
    },
    {
      "path": "/manage/accounts",
      "method": "POST",
      "status": 403,
      "phase": "rollback-freeze",
      "milliseconds": 0.358
    },
    {
      "path": "/manage/accounts",
      "method": "PUT",
      "status": 403,
      "phase": "rollback-freeze",
      "milliseconds": 0.478
    },
    {
      "path": "/manage/accounts",
      "method": "PATCH",
      "status": 403,
      "phase": "rollback-freeze",
      "milliseconds": 0.352
    },
    {
      "path": "/manage/accounts",
      "method": "DELETE",
      "status": 403,
      "phase": "rollback-freeze",
      "milliseconds": 0.383
    },
    {
      "path": "/manage/accounts",
      "method": "OPTIONS",
      "status": 403,
      "phase": "rollback-freeze",
      "milliseconds": 0.437
    },
    {
      "path": "/manage/accounts/native-id",
      "method": "POST",
      "status": 403,
      "phase": "rollback-freeze",
      "milliseconds": 0.717
    },
    {
      "path": "/manage/accounts/native-id",
      "method": "PUT",
      "status": 403,
      "phase": "rollback-freeze",
      "milliseconds": 1.091
    },
    {
      "path": "/manage/accounts/native-id",
      "method": "PATCH",
      "status": 403,
      "phase": "rollback-freeze",
      "milliseconds": 0.763
    },
    {
      "path": "/manage/accounts/native-id",
      "method": "DELETE",
      "status": 403,
      "phase": "rollback-freeze",
      "milliseconds": 1.875
    },
    {
      "path": "/manage/accounts/native-id",
      "method": "OPTIONS",
      "status": 403,
      "phase": "rollback-freeze",
      "milliseconds": 1.12
    },
    {
      "path": "/manage/mrating/import",
      "method": "POST",
      "status": 403,
      "phase": "rollback-freeze",
      "milliseconds": 1.815
    },
    {
      "path": "/manage/mrating/import",
      "method": "PUT",
      "status": 403,
      "phase": "rollback-freeze",
      "milliseconds": 1.445
    },
    {
      "path": "/manage/mrating/import",
      "method": "PATCH",
      "status": 403,
      "phase": "rollback-freeze",
      "milliseconds": 0.37
    },
    {
      "path": "/manage/mrating/import",
      "method": "DELETE",
      "status": 403,
      "phase": "rollback-freeze",
      "milliseconds": 0.505
    },
    {
      "path": "/manage/mrating/import",
      "method": "OPTIONS",
      "status": 403,
      "phase": "rollback-freeze",
      "milliseconds": 0.273
    },
    {
      "path": "/",
      "method": "POST",
      "status": 403,
      "phase": "rollback-freeze",
      "milliseconds": 0.218
    },
    {
      "path": "/",
      "method": "PUT",
      "status": 403,
      "phase": "rollback-freeze",
      "milliseconds": 0.269
    },
    {
      "path": "/",
      "method": "PATCH",
      "status": 403,
      "phase": "rollback-freeze",
      "milliseconds": 0.334
    },
    {
      "path": "/",
      "method": "DELETE",
      "status": 403,
      "phase": "rollback-freeze",
      "milliseconds": 0.233
    },
    {
      "path": "/",
      "method": "OPTIONS",
      "status": 403,
      "phase": "rollback-freeze",
      "milliseconds": 0.206
    },
    {
      "path": "/health",
      "method": "POST",
      "status": 403,
      "phase": "rollback-freeze",
      "milliseconds": 0.34
    },
    {
      "path": "/health",
      "method": "PUT",
      "status": 403,
      "phase": "rollback-freeze",
      "milliseconds": 0.243
    },
    {
      "path": "/health",
      "method": "PATCH",
      "status": 403,
      "phase": "rollback-freeze",
      "milliseconds": 0.18
    },
    {
      "path": "/health",
      "method": "DELETE",
      "status": 403,
      "phase": "rollback-freeze",
      "milliseconds": 0.37
    },
    {
      "path": "/health",
      "method": "OPTIONS",
      "status": 403,
      "phase": "rollback-freeze",
      "milliseconds": 0.61
    },
    {
      "path": "/api/v1/admin",
      "method": "GET",
      "status": 404,
      "phase": "rollback-freeze",
      "milliseconds": 0.229
    },
    {
      "path": "/api/v1/admin",
      "method": "HEAD",
      "status": 404,
      "phase": "rollback-freeze",
      "milliseconds": 0.233
    },
    {
      "path": "/api/v1/admin",
      "method": "POST",
      "status": 404,
      "phase": "rollback-freeze",
      "milliseconds": 0.182
    },
    {
      "path": "/api/v1/admin",
      "method": "DELETE",
      "status": 404,
      "phase": "rollback-freeze",
      "milliseconds": 0.181
    },
    {
      "path": "/api/v1/admin/",
      "method": "GET",
      "status": 404,
      "phase": "rollback-freeze",
      "milliseconds": 0.212
    },
    {
      "path": "/api/v1/admin/",
      "method": "HEAD",
      "status": 404,
      "phase": "rollback-freeze",
      "milliseconds": 0.397
    },
    {
      "path": "/api/v1/admin/",
      "method": "POST",
      "status": 404,
      "phase": "rollback-freeze",
      "milliseconds": 0.344
    },
    {
      "path": "/api/v1/admin/",
      "method": "DELETE",
      "status": 404,
      "phase": "rollback-freeze",
      "milliseconds": 0.205
    },
    {
      "path": "/api/v1/admin/catalog/accounts",
      "method": "GET",
      "status": 404,
      "phase": "rollback-freeze",
      "milliseconds": 0.184
    },
    {
      "path": "/api/v1/admin/catalog/accounts",
      "method": "HEAD",
      "status": 404,
      "phase": "rollback-freeze",
      "milliseconds": 0.307
    },
    {
      "path": "/api/v1/admin/catalog/accounts",
      "method": "POST",
      "status": 404,
      "phase": "rollback-freeze",
      "milliseconds": 0.254
    },
    {
      "path": "/api/v1/admin/catalog/accounts",
      "method": "DELETE",
      "status": 404,
      "phase": "rollback-freeze",
      "milliseconds": 0.187
    },
    {
      "path": "/%61pi/v1/admin/catalog/accounts",
      "method": "GET",
      "status": 404,
      "phase": "rollback-freeze",
      "milliseconds": 0.211
    },
    {
      "path": "/%61pi/v1/admin/catalog/accounts",
      "method": "HEAD",
      "status": 404,
      "phase": "rollback-freeze",
      "milliseconds": 0.28
    },
    {
      "path": "/%61pi/v1/admin/catalog/accounts",
      "method": "POST",
      "status": 404,
      "phase": "rollback-freeze",
      "milliseconds": 0.317
    },
    {
      "path": "/%61pi/v1/admin/catalog/accounts",
      "method": "DELETE",
      "status": 404,
      "phase": "rollback-freeze",
      "milliseconds": 0.364
    }
  ],
  "legacyAdminReopenedAfterFreeze": {
    "path": "/manage/accounts",
    "method": "POST",
    "status": 200,
    "phase": "legacy-after",
    "milliseconds": 3.459
  },
  "reopeningSamples": [
    {
      "path": "/manage/accounts",
      "method": "POST",
      "status": 403,
      "phase": "rollback-freeze",
      "milliseconds": 0.975
    },
    {
      "path": "/manage/accounts",
      "method": "POST",
      "status": 200,
      "phase": "legacy-after",
      "milliseconds": 3.459
    }
  ],
  "samples": [
    {
      "path": "/health",
      "method": "GET",
      "status": 200,
      "phase": "legacy-before",
      "milliseconds": 4.298
    },
    {
      "path": "/",
      "method": "GET",
      "status": 200,
      "phase": "legacy-before",
      "milliseconds": 1.209
    },
    {
      "path": "/manage",
      "method": "GET",
      "status": 200,
      "phase": "legacy-before",
      "milliseconds": 1.829
    },
    {
      "path": "/health",
      "method": "GET",
      "status": 200,
      "phase": "legacy-before",
      "milliseconds": 1.826
    },
    {
      "path": "/",
      "method": "GET",
      "status": 200,
      "phase": "legacy-before",
      "milliseconds": 2.297
    },
    {
      "path": "/manage",
      "method": "GET",
      "status": 200,
      "phase": "legacy-before",
      "milliseconds": 1.56
    },
    {
      "path": "/health",
      "method": "GET",
      "status": 200,
      "phase": "legacy-before",
      "milliseconds": 2.298
    },
    {
      "path": "/",
      "method": "GET",
      "status": 200,
      "phase": "legacy-before",
      "milliseconds": 1.148
    },
    {
      "path": "/manage",
      "method": "GET",
      "status": 200,
      "phase": "legacy-before",
      "milliseconds": 1.476
    },
    {
      "path": "/health",
      "method": "GET",
      "status": 200,
      "phase": "legacy-before",
      "milliseconds": 2.894
    },
    {
      "path": "/",
      "method": "GET",
      "status": 200,
      "phase": "legacy-before",
      "milliseconds": 2.207
    },
    {
      "path": "/manage",
      "method": "GET",
      "status": 200,
      "phase": "legacy-before",
      "milliseconds": 2.133
    },
    {
      "path": "/health",
      "method": "GET",
      "status": 200,
      "phase": "legacy-before",
      "milliseconds": 1.167
    },
    {
      "path": "/",
      "method": "GET",
      "status": 200,
      "phase": "rollback-freeze",
      "milliseconds": 0.718
    },
    {
      "path": "/manage",
      "method": "GET",
      "status": 200,
      "phase": "rollback-freeze",
      "milliseconds": 0.585
    },
    {
      "path": "/health",
      "method": "GET",
      "status": 200,
      "phase": "rollback-freeze",
      "milliseconds": 1.551
    },
    {
      "path": "/",
      "method": "GET",
      "status": 200,
      "phase": "rollback-freeze",
      "milliseconds": 0.934
    },
    {
      "path": "/manage",
      "method": "GET",
      "status": 200,
      "phase": "rollback-freeze",
      "milliseconds": 0.767
    },
    {
      "path": "/health",
      "method": "GET",
      "status": 200,
      "phase": "rollback-freeze",
      "milliseconds": 0.991
    },
    {
      "path": "/",
      "method": "GET",
      "status": 200,
      "phase": "rollback-freeze",
      "milliseconds": 0.685
    },
    {
      "path": "/manage",
      "method": "GET",
      "status": 200,
      "phase": "legacy-before",
      "milliseconds": 0.648
    },
    {
      "path": "/health",
      "method": "GET",
      "status": 200,
      "phase": "rollback-freeze",
      "milliseconds": 1.356
    },
    {
      "path": "/",
      "method": "GET",
      "status": 200,
      "phase": "rollback-freeze",
      "milliseconds": 1.839
    },
    {
      "path": "/manage",
      "method": "GET",
      "status": 200,
      "phase": "rollback-freeze",
      "milliseconds": 1.025
    },
    {
      "path": "/health",
      "method": "GET",
      "status": 200,
      "phase": "rollback-freeze",
      "milliseconds": 1.178
    },
    {
      "path": "/",
      "method": "GET",
      "status": 200,
      "phase": "legacy-before",
      "milliseconds": 0.966
    },
    {
      "path": "/manage",
      "method": "GET",
      "status": 200,
      "phase": "rollback-freeze",
      "milliseconds": 1.043
    },
    {
      "path": "/health",
      "method": "GET",
      "status": 200,
      "phase": "rollback-freeze",
      "milliseconds": 3.133
    },
    {
      "path": "/",
      "method": "GET",
      "status": 200,
      "phase": "rollback-freeze",
      "milliseconds": 3.468
    },
    {
      "path": "/manage",
      "method": "GET",
      "status": 200,
      "phase": "rollback-freeze",
      "milliseconds": 1.215
    },
    {
      "path": "/health",
      "method": "GET",
      "status": 200,
      "phase": "rollback-freeze",
      "milliseconds": 2.69
    },
    {
      "path": "/",
      "method": "GET",
      "status": 200,
      "phase": "rollback-freeze",
      "milliseconds": 1.021
    },
    {
      "path": "/manage",
      "method": "GET",
      "status": 200,
      "phase": "legacy-before",
      "milliseconds": 0.777
    },
    {
      "path": "/health",
      "method": "GET",
      "status": 200,
      "phase": "rollback-freeze",
      "milliseconds": 1.664
    },
    {
      "path": "/",
      "method": "GET",
      "status": 200,
      "phase": "rollback-freeze",
      "milliseconds": 0.687
    },
    {
      "path": "/manage",
      "method": "GET",
      "status": 200,
      "phase": "rollback-freeze",
      "milliseconds": 1.787
    },
    {
      "path": "/health",
      "method": "GET",
      "status": 200,
      "phase": "rollback-freeze",
      "milliseconds": 0.935
    },
    {
      "path": "/",
      "method": "GET",
      "status": 200,
      "phase": "rollback-freeze",
      "milliseconds": 0.856
    },
    {
      "path": "/manage",
      "method": "GET",
      "status": 200,
      "phase": "rollback-freeze",
      "milliseconds": 1.08
    },
    {
      "path": "/health",
      "method": "GET",
      "status": 200,
      "phase": "rollback-freeze",
      "milliseconds": 1.297
    },
    {
      "path": "/",
      "method": "GET",
      "status": 200,
      "phase": "rollback-freeze",
      "milliseconds": 2.483
    },
    {
      "path": "/manage",
      "method": "GET",
      "status": 200,
      "phase": "rollback-freeze",
      "milliseconds": 0.956
    },
    {
      "path": "/health",
      "method": "GET",
      "status": 200,
      "phase": "rollback-freeze",
      "milliseconds": 1.31
    },
    {
      "path": "/",
      "method": "GET",
      "status": 200,
      "phase": "rollback-freeze",
      "milliseconds": 0.996
    },
    {
      "path": "/manage",
      "method": "GET",
      "status": 200,
      "phase": "rollback-freeze",
      "milliseconds": 1.093
    },
    {
      "path": "/health",
      "method": "GET",
      "status": 200,
      "phase": "rollback-freeze",
      "milliseconds": 5.169
    },
    {
      "path": "/",
      "method": "GET",
      "status": 200,
      "phase": "rollback-freeze",
      "milliseconds": 4.875
    },
    {
      "path": "/manage",
      "method": "GET",
      "status": 200,
      "phase": "rollback-freeze",
      "milliseconds": 2.136
    },
    {
      "path": "/health",
      "method": "GET",
      "status": 200,
      "phase": "rollback-freeze",
      "milliseconds": 2.366
    },
    {
      "path": "/",
      "method": "GET",
      "status": 200,
      "phase": "rollback-freeze",
      "milliseconds": 2.438
    },
    {
      "path": "/manage",
      "method": "GET",
      "status": 200,
      "phase": "rollback-freeze",
      "milliseconds": 1.566
    },
    {
      "path": "/health",
      "method": "GET",
      "status": 200,
      "phase": "rollback-freeze",
      "milliseconds": 3.292
    },
    {
      "path": "/",
      "method": "GET",
      "status": 200,
      "phase": "rollback-freeze",
      "milliseconds": 1.443
    },
    {
      "path": "/manage",
      "method": "GET",
      "status": 200,
      "phase": "rollback-freeze",
      "milliseconds": 1.746
    },
    {
      "path": "/health",
      "method": "GET",
      "status": 200,
      "phase": "rollback-freeze",
      "milliseconds": 1.126
    },
    {
      "path": "/",
      "method": "GET",
      "status": 200,
      "phase": "rollback-freeze",
      "milliseconds": 0.637
    },
    {
      "path": "/manage",
      "method": "GET",
      "status": 200,
      "phase": "rollback-freeze",
      "milliseconds": 0.807
    },
    {
      "path": "/health",
      "method": "GET",
      "status": 200,
      "phase": "rollback-freeze",
      "milliseconds": 2.455
    },
    {
      "path": "/",
      "method": "GET",
      "status": 200,
      "phase": "rollback-freeze",
      "milliseconds": 1.071
    },
    {
      "path": "/manage",
      "method": "GET",
      "status": 200,
      "phase": "rollback-freeze",
      "milliseconds": 0.826
    },
    {
      "path": "/health",
      "method": "GET",
      "status": 200,
      "phase": "rollback-freeze",
      "milliseconds": 1.971
    },
    {
      "path": "/",
      "method": "GET",
      "status": 200,
      "phase": "rollback-freeze",
      "milliseconds": 1.789
    },
    {
      "path": "/manage",
      "method": "GET",
      "status": 200,
      "phase": "rollback-freeze",
      "milliseconds": 1.038
    },
    {
      "path": "/health",
      "method": "GET",
      "status": 200,
      "phase": "rollback-freeze",
      "milliseconds": 0.988
    },
    {
      "path": "/",
      "method": "GET",
      "status": 200,
      "phase": "rollback-freeze",
      "milliseconds": 0.584
    },
    {
      "path": "/manage",
      "method": "GET",
      "status": 200,
      "phase": "rollback-freeze",
      "milliseconds": 0.752
    },
    {
      "path": "/health",
      "method": "GET",
      "status": 200,
      "phase": "rollback-freeze",
      "milliseconds": 1.046
    },
    {
      "path": "/",
      "method": "GET",
      "status": 200,
      "phase": "rollback-freeze",
      "milliseconds": 0.801
    },
    {
      "path": "/manage",
      "method": "GET",
      "status": 200,
      "phase": "rollback-freeze",
      "milliseconds": 0.711
    },
    {
      "path": "/health",
      "method": "GET",
      "status": 200,
      "phase": "rollback-freeze",
      "milliseconds": 2.181
    },
    {
      "path": "/",
      "method": "GET",
      "status": 200,
      "phase": "rollback-freeze",
      "milliseconds": 1.703
    },
    {
      "path": "/manage",
      "method": "GET",
      "status": 200,
      "phase": "rollback-freeze",
      "milliseconds": 0.953
    },
    {
      "path": "/health",
      "method": "GET",
      "status": 200,
      "phase": "rollback-freeze",
      "milliseconds": 1.856
    },
    {
      "path": "/",
      "method": "GET",
      "status": 200,
      "phase": "rollback-freeze",
      "milliseconds": 1.217
    },
    {
      "path": "/manage",
      "method": "GET",
      "status": 200,
      "phase": "rollback-freeze",
      "milliseconds": 0.933
    },
    {
      "path": "/health",
      "method": "GET",
      "status": 200,
      "phase": "rollback-freeze",
      "milliseconds": 1.739
    },
    {
      "path": "/",
      "method": "GET",
      "status": 200,
      "phase": "rollback-freeze",
      "milliseconds": 2.03
    },
    {
      "path": "/manage",
      "method": "GET",
      "status": 200,
      "phase": "rollback-freeze",
      "milliseconds": 0.966
    },
    {
      "path": "/health",
      "method": "GET",
      "status": 200,
      "phase": "rollback-freeze",
      "milliseconds": 1.6
    },
    {
      "path": "/",
      "method": "GET",
      "status": 200,
      "phase": "rollback-freeze",
      "milliseconds": 0.923
    },
    {
      "path": "/manage",
      "method": "GET",
      "status": 200,
      "phase": "rollback-freeze",
      "milliseconds": 0.628
    },
    {
      "path": "/health",
      "method": "GET",
      "status": 200,
      "phase": "rollback-freeze",
      "milliseconds": 1.116
    },
    {
      "path": "/",
      "method": "GET",
      "status": 200,
      "phase": "rollback-freeze",
      "milliseconds": 0.863
    },
    {
      "path": "/manage",
      "method": "GET",
      "status": 200,
      "phase": "rollback-freeze",
      "milliseconds": 0.757
    },
    {
      "path": "/health",
      "method": "GET",
      "status": 200,
      "phase": "rollback-freeze",
      "milliseconds": 1.012
    },
    {
      "path": "/",
      "method": "GET",
      "status": 200,
      "phase": "rollback-freeze",
      "milliseconds": 0.765
    },
    {
      "path": "/manage",
      "method": "GET",
      "status": 200,
      "phase": "rollback-freeze",
      "milliseconds": 0.76
    },
    {
      "path": "/health",
      "method": "GET",
      "status": 200,
      "phase": "rollback-freeze",
      "milliseconds": 2.815
    },
    {
      "path": "/",
      "method": "GET",
      "status": 200,
      "phase": "rollback-freeze",
      "milliseconds": 4.907
    },
    {
      "path": "/manage",
      "method": "GET",
      "status": 200,
      "phase": "rollback-freeze",
      "milliseconds": 5.268
    },
    {
      "path": "/health",
      "method": "GET",
      "status": 200,
      "phase": "rollback-freeze",
      "milliseconds": 1.328
    },
    {
      "path": "/",
      "method": "GET",
      "status": 200,
      "phase": "rollback-freeze",
      "milliseconds": 1.66
    },
    {
      "path": "/manage",
      "method": "GET",
      "status": 200,
      "phase": "rollback-freeze",
      "milliseconds": 0.849
    },
    {
      "path": "/health",
      "method": "GET",
      "status": 200,
      "phase": "rollback-freeze",
      "milliseconds": 2.578
    },
    {
      "path": "/",
      "method": "GET",
      "status": 200,
      "phase": "rollback-freeze",
      "milliseconds": 5.952
    },
    {
      "path": "/manage",
      "method": "GET",
      "status": 200,
      "phase": "rollback-freeze",
      "milliseconds": 1.688
    },
    {
      "path": "/health",
      "method": "GET",
      "status": 200,
      "phase": "rollback-freeze",
      "milliseconds": 2.354
    },
    {
      "path": "/",
      "method": "GET",
      "status": 200,
      "phase": "rollback-freeze",
      "milliseconds": 1.066
    },
    {
      "path": "/manage",
      "method": "GET",
      "status": 200,
      "phase": "rollback-freeze",
      "milliseconds": 1.056
    },
    {
      "path": "/health",
      "method": "GET",
      "status": 200,
      "phase": "rollback-freeze",
      "milliseconds": 4.382
    },
    {
      "path": "/",
      "method": "GET",
      "status": 200,
      "phase": "rollback-freeze",
      "milliseconds": 2.845
    },
    {
      "path": "/manage",
      "method": "GET",
      "status": 200,
      "phase": "rollback-freeze",
      "milliseconds": 1.181
    },
    {
      "path": "/health",
      "method": "GET",
      "status": 200,
      "phase": "rollback-freeze",
      "milliseconds": 2.596
    },
    {
      "path": "/",
      "method": "GET",
      "status": 200,
      "phase": "rollback-freeze",
      "milliseconds": 2.418
    },
    {
      "path": "/manage",
      "method": "GET",
      "status": 200,
      "phase": "rollback-freeze",
      "milliseconds": 1.357
    },
    {
      "path": "/health",
      "method": "GET",
      "status": 200,
      "phase": "rollback-freeze",
      "milliseconds": 1.515
    },
    {
      "path": "/",
      "method": "GET",
      "status": 200,
      "phase": "rollback-freeze",
      "milliseconds": 1.159
    },
    {
      "path": "/manage",
      "method": "GET",
      "status": 200,
      "phase": "rollback-freeze",
      "milliseconds": 0.829
    },
    {
      "path": "/health",
      "method": "GET",
      "status": 200,
      "phase": "rollback-freeze",
      "milliseconds": 1.094
    },
    {
      "path": "/",
      "method": "GET",
      "status": 200,
      "phase": "rollback-freeze",
      "milliseconds": 0.769
    },
    {
      "path": "/manage",
      "method": "GET",
      "status": 200,
      "phase": "rollback-freeze",
      "milliseconds": 0.967
    },
    {
      "path": "/health",
      "method": "GET",
      "status": 200,
      "phase": "rollback-freeze",
      "milliseconds": 1.5
    },
    {
      "path": "/",
      "method": "GET",
      "status": 200,
      "phase": "rollback-freeze",
      "milliseconds": 0.828
    },
    {
      "path": "/manage",
      "method": "GET",
      "status": 200,
      "phase": "rollback-freeze",
      "milliseconds": 1.164
    },
    {
      "path": "/health",
      "method": "GET",
      "status": 200,
      "phase": "rollback-freeze",
      "milliseconds": 2.162
    },
    {
      "path": "/",
      "method": "GET",
      "status": 200,
      "phase": "rollback-freeze",
      "milliseconds": 2.804
    },
    {
      "path": "/manage",
      "method": "GET",
      "status": 200,
      "phase": "rollback-freeze",
      "milliseconds": 2.709
    },
    {
      "path": "/health",
      "method": "GET",
      "status": 200,
      "phase": "rollback-freeze",
      "milliseconds": 2.757
    },
    {
      "path": "/",
      "method": "GET",
      "status": 200,
      "phase": "rollback-freeze",
      "milliseconds": 4.619
    },
    {
      "path": "/manage",
      "method": "GET",
      "status": 200,
      "phase": "rollback-freeze",
      "milliseconds": 3.139
    },
    {
      "path": "/health",
      "method": "GET",
      "status": 200,
      "phase": "rollback-freeze",
      "milliseconds": 1.119
    },
    {
      "path": "/",
      "method": "GET",
      "status": 200,
      "phase": "rollback-freeze",
      "milliseconds": 0.631
    },
    {
      "path": "/manage",
      "method": "GET",
      "status": 200,
      "phase": "rollback-freeze",
      "milliseconds": 0.85
    },
    {
      "path": "/health",
      "method": "GET",
      "status": 200,
      "phase": "rollback-freeze",
      "milliseconds": 3.13
    },
    {
      "path": "/",
      "method": "GET",
      "status": 200,
      "phase": "rollback-freeze",
      "milliseconds": 1.716
    },
    {
      "path": "/manage",
      "method": "GET",
      "status": 200,
      "phase": "rollback-freeze",
      "milliseconds": 0.897
    },
    {
      "path": "/health",
      "method": "GET",
      "status": 200,
      "phase": "rollback-freeze",
      "milliseconds": 2.06
    },
    {
      "path": "/",
      "method": "GET",
      "status": 200,
      "phase": "rollback-freeze",
      "milliseconds": 1.596
    },
    {
      "path": "/manage",
      "method": "GET",
      "status": 200,
      "phase": "rollback-freeze",
      "milliseconds": 1.151
    },
    {
      "path": "/health",
      "method": "GET",
      "status": 200,
      "phase": "rollback-freeze",
      "milliseconds": 1.524
    },
    {
      "path": "/",
      "method": "GET",
      "status": 200,
      "phase": "rollback-freeze",
      "milliseconds": 1.3
    },
    {
      "path": "/manage",
      "method": "GET",
      "status": 200,
      "phase": "rollback-freeze",
      "milliseconds": 1.578
    },
    {
      "path": "/health",
      "method": "GET",
      "status": 200,
      "phase": "rollback-freeze",
      "milliseconds": 3.278
    },
    {
      "path": "/",
      "method": "GET",
      "status": 200,
      "phase": "rollback-freeze",
      "milliseconds": 3.113
    },
    {
      "path": "/manage",
      "method": "GET",
      "status": 200,
      "phase": "rollback-freeze",
      "milliseconds": 1.254
    },
    {
      "path": "/health",
      "method": "GET",
      "status": 200,
      "phase": "rollback-freeze",
      "milliseconds": 4.757
    },
    {
      "path": "/",
      "method": "GET",
      "status": 200,
      "phase": "rollback-freeze",
      "milliseconds": 1.923
    },
    {
      "path": "/manage",
      "method": "GET",
      "status": 200,
      "phase": "rollback-freeze",
      "milliseconds": 1.078
    },
    {
      "path": "/health",
      "method": "GET",
      "status": 200,
      "phase": "rollback-freeze",
      "milliseconds": 1.69
    },
    {
      "path": "/",
      "method": "GET",
      "status": 200,
      "phase": "rollback-freeze",
      "milliseconds": 2.887
    },
    {
      "path": "/manage",
      "method": "GET",
      "status": 200,
      "phase": "rollback-freeze",
      "milliseconds": 2.487
    },
    {
      "path": "/health",
      "method": "GET",
      "status": 200,
      "phase": "rollback-freeze",
      "milliseconds": 1.381
    },
    {
      "path": "/",
      "method": "GET",
      "status": 200,
      "phase": "rollback-freeze",
      "milliseconds": 0.81
    },
    {
      "path": "/manage",
      "method": "GET",
      "status": 200,
      "phase": "rollback-freeze",
      "milliseconds": 1.151
    },
    {
      "path": "/health",
      "method": "GET",
      "status": 200,
      "phase": "legacy-after",
      "milliseconds": 1.004
    },
    {
      "path": "/",
      "method": "GET",
      "status": 200,
      "phase": "legacy-after",
      "milliseconds": 0.513
    },
    {
      "path": "/manage",
      "method": "GET",
      "status": 200,
      "phase": "legacy-after",
      "milliseconds": 0.485
    },
    {
      "path": "/health",
      "method": "GET",
      "status": 200,
      "phase": "rollback-freeze",
      "milliseconds": 1.008
    },
    {
      "path": "/",
      "method": "GET",
      "status": 200,
      "phase": "rollback-freeze",
      "milliseconds": 1.06
    },
    {
      "path": "/manage",
      "method": "GET",
      "status": 200,
      "phase": "legacy-after",
      "milliseconds": 0.86
    },
    {
      "path": "/health",
      "method": "GET",
      "status": 200,
      "phase": "rollback-freeze",
      "milliseconds": 1.087
    },
    {
      "path": "/",
      "method": "GET",
      "status": 200,
      "phase": "rollback-freeze",
      "milliseconds": 2.247
    },
    {
      "path": "/manage",
      "method": "GET",
      "status": 200,
      "phase": "legacy-after",
      "milliseconds": 1.664
    },
    {
      "path": "/health",
      "method": "GET",
      "status": 200,
      "phase": "legacy-after",
      "milliseconds": 3.322
    },
    {
      "path": "/",
      "method": "GET",
      "status": 200,
      "phase": "legacy-after",
      "milliseconds": 1.654
    },
    {
      "path": "/manage",
      "method": "GET",
      "status": 200,
      "phase": "legacy-after",
      "milliseconds": 8.337
    },
    {
      "path": "/health",
      "method": "GET",
      "status": 200,
      "phase": "legacy-after",
      "milliseconds": 2.307
    },
    {
      "path": "/",
      "method": "GET",
      "status": 200,
      "phase": "legacy-after",
      "milliseconds": 4.021
    },
    {
      "path": "/manage",
      "method": "GET",
      "status": 200,
      "phase": "legacy-after",
      "milliseconds": 2.294
    }
  ]
}
